../Core/Src/ESP8266.cpp:10:1:esp8266::esp8266()	16	static
../Core/Src/ESP8266.cpp:17:1:esp8266::~esp8266()	16	static
../Core/Src/ESP8266.cpp:21:6:void esp8266::SetHandle(UART_HandleTypeDef*)	16	static
../Core/Src/ESP8266.cpp:26:6:void esp8266::SetSSID(uint8_t*)	16	static
../Core/Src/ESP8266.cpp:31:6:void esp8266::SetPassword(uint8_t*)	16	static
../Core/Src/ESP8266.cpp:36:6:bool esp8266::SetIp(PIPSTRUCT)	216	static
../Core/Src/ESP8266.cpp:49:21:UART_HandleTypeDef* esp8266::GetHandle()	16	static
../Core/Src/ESP8266.cpp:54:10:uint8_t* esp8266::GetSSID()	16	static
../Core/Src/ESP8266.cpp:59:10:uint8_t* esp8266::GetPassword()	16	static
../Core/Src/ESP8266.cpp:64:11:IPSTRUCT* esp8266::GetIp()	16	static
../Core/Src/ESP8266.cpp:69:9:uint8_t esp8266::GetLastError()	16	static
../Core/Src/ESP8266.cpp:74:9:uint8_t esp8266::GetData()	24	static
../Core/Src/ESP8266.cpp:87:6:bool esp8266::PutData(uint8_t)	16	static
../Core/Src/ESP8266.cpp:100:10:uint16_t esp8266::GetDataSoo()	16	static
../Core/Src/ESP8266.cpp:105:6:bool esp8266::CopyQueue(uint8_t*)	24	static
../Core/Src/ESP8266.cpp:118:6:bool esp8266::FindStringInqueue(uint8_t*)	1048	static
../Core/Src/ESP8266.cpp:134:6:bool esp8266::FindSkipStringInqueue(uint8_t*, uint8_t*)	1064	static
../Core/Src/ESP8266.cpp:161:6:void esp8266::SendString(uint8_t*)	24	static
../Core/Src/ESP8266.cpp:172:6:bool esp8266::WaitForOK()	24	static
../Core/Src/ESP8266.cpp:189:6:bool esp8266::SetModeStation()	16	static
../Core/Src/ESP8266.cpp:195:6:bool esp8266::Connect(uint8_t*, uint8_t*)	24	static
../Core/Src/ESP8266.cpp:202:6:bool esp8266::Connect()	80	static
../Core/Src/ESP8266.cpp:211:6:bool esp8266::SetMUX(uint8_t)	80	static
../Core/Src/ESP8266.cpp:220:6:bool esp8266::SetServer(uint8_t, uint16_t)	80	static
../Core/Src/ESP8266.cpp:229:6:bool esp8266::CheckConnect(uint8_t*)	16	static
../Core/Src/ESP8266.cpp:234:6:bool esp8266::CheckClosed(uint8_t*)	16	static
../Core/Src/ESP8266.cpp:239:6:bool esp8266::Send(uint8_t, uint16_t, uint8_t*)	96	static
../Core/Src/ESP8266.cpp:252:6:bool esp8266::Receive(uint8_t*, uint16_t*, uint8_t*)	40	static
../Core/Src/ESP8266.cpp:281:6:bool esp8266::Close(uint8_t)	80	static
