../Drivers/UserLib/Src/esp_control.c:23:6:WriteBuffer	16	static
../Drivers/UserLib/Src/esp_control.c:30:9:ReadBuffer	16	static
../Drivers/UserLib/Src/esp_control.c:48:9:AT_COMMAND	16	static
../Drivers/UserLib/Src/esp_control.c:91:9:SendAT	16	static
../Drivers/UserLib/Src/esp_control.c:100:9:EspReset	16	static
../Drivers/UserLib/Src/esp_control.c:110:9:WifiAccess	16	static
../Drivers/UserLib/Src/esp_control.c:120:9:ConnectTcp	24	static
../Drivers/UserLib/Src/esp_control.c:145:9:SendData	152	static
../Drivers/UserLib/Src/esp_control.c:174:9:SetMux	24	static
../Drivers/UserLib/Src/esp_control.c:189:9:RaspiTCPSocketAccess	16	static
../Drivers/UserLib/Src/esp_control.c:198:6:HAL_UART_RxCpltCallback	16	static
../Drivers/UserLib/Src/esp_control.c:209:6:setInterrupt	8	static
../Drivers/UserLib/Src/esp_control.c:213:6:EspResponseCheck	16	static
../Drivers/UserLib/Src/esp_control.c:223:6:EspSetting	8	static
