08:43:26 **** Incremental Build of configuration Debug for project mlx ****
make -j12 all 
arm-none-eabi-gcc "../Core/Src/main.c" -mcpu=cortex-m3 -std=gnu11 -g3 -DDEBUG -DUSE_HAL_DRIVER -DSTM32F103xB -c -I../Core/Inc -I"C:/Users/SSAFY/STM32CubeIDE/workspace_1.14.0/mlx/Drivers/UserLib/Inc" -I../Drivers/STM32F1xx_HAL_Driver/Inc -I../Drivers/STM32F1xx_HAL_Driver/Inc/Legacy -I../Drivers/CMSIS/Device/ST/STM32F1xx/Include -I../Drivers/CMSIS/Include -O0 -ffunction-sections -fdata-sections -Wall -fstack-usage -fcyclomatic-complexity -MMD -MP -MF"Core/Src/main.d" -MT"Core/Src/main.o" --specs=nano.specs -mfloat-abi=soft -mthumb -o "Core/Src/main.o"
arm-none-eabi-gcc -o "mlx.elf" @"objects.list"   -mcpu=cortex-m3 -T"C:\Users\SSAFY\STM32CubeIDE\workspace_1.14.0\mlx\STM32F103RBTX_FLASH.ld" --specs=nosys.specs -Wl,-Map="mlx.map" -Wl,--gc-sections -static --specs=nano.specs -mfloat-abi=soft -mthumb -u _printf_float -Wl,--start-group -lc -lm -Wl,--end-group
Finished building target: mlx.elf
 
arm-none-eabi-size  mlx.elf 
arm-none-eabi-objdump -h -S mlx.elf  > "mlx.list"
   text	   data	    bss	    dec	    hex	filename
  24184	    476	   2060	  26720	   6860	mlx.elf
Finished building: default.size.stdout
 
Finished building: mlx.list
 

08:43:27 Build Finished. 0 errors, 0 warnings. (took 755ms)

