10:44:41 **** Incremental Build of configuration Debug for project sonar_adv ****
make -j12 all 
arm-none-eabi-gcc "../Core/Src/main.c" -mcpu=cortex-m3 -std=gnu11 -g3 -DDEBUG -DUSE_HAL_DRIVER -DSTM32F103xB -c -I../Core/Inc -I../Drivers/STM32F1xx_HAL_Driver/Inc -I../Drivers/STM32F1xx_HAL_Driver/Inc/Legacy -I../Drivers/CMSIS/Device/ST/STM32F1xx/Include -I../Drivers/CMSIS/Include -O0 -ffunction-sections -fdata-sections -Wall -fstack-usage -fcyclomatic-complexity -MMD -MP -MF"Core/Src/main.d" -MT"Core/Src/main.o" --specs=nano.specs -mfloat-abi=soft -mthumb -o "Core/Src/main.o"
arm-none-eabi-gcc -o "sonar_adv.elf" @"objects.list"   -mcpu=cortex-m3 -T"C:\Users\SSAFY\STM32CubeIDE\workspace_1.14.0\sonar_adv\STM32F103RBTX_FLASH.ld" --specs=nosys.specs -Wl,-Map="sonar_adv.map" -Wl,--gc-sections -static --specs=nano.specs -mfloat-abi=soft -mthumb -u _printf_float -Wl,--start-group -lc -lm -Wl,--end-group
Finished building target: sonar_adv.elf
 
arm-none-eabi-size  sonar_adv.elf 
arm-none-eabi-objdump -h -S sonar_adv.elf  > "sonar_adv.list"
   text	   data	    bss	    dec	    hex	filename
  23184	    476	   2052	  25712	   6470	sonar_adv.elf
Finished building: default.size.stdout
 
Finished building: sonar_adv.list
 

10:44:42 Build Finished. 0 errors, 0 warnings. (took 702ms)

