17:53:42 **** Incremental Build of configuration Debug for project choumpa ****
make -j12 all 
arm-none-eabi-gcc "../Core/Src/main.c" -mcpu=cortex-m3 -std=gnu11 -g3 -DDEBUG -DUSE_HAL_DRIVER -DSTM32F103xB -c -I../Core/Inc -I../Drivers/STM32F1xx_HAL_Driver/Inc -I../Drivers/STM32F1xx_HAL_Driver/Inc/Legacy -I../Drivers/CMSIS/Device/ST/STM32F1xx/Include -I../Drivers/CMSIS/Include -O0 -ffunction-sections -fdata-sections -Wall -fstack-usage -fcyclomatic-complexity -MMD -MP -MF"Core/Src/main.d" -MT"Core/Src/main.o" --specs=nano.specs -mfloat-abi=soft -mthumb -o "Core/Src/main.o"
../Core/Src/main.c: In function 'main':
../Core/Src/main.c:115:12: warning: variable 'distance' set but not used [-Wunused-but-set-variable]
  115 |   uint32_t distance;
      |            ^~~~~~~~
arm-none-eabi-gcc -o "choumpa.elf" @"objects.list"   -mcpu=cortex-m3 -T"C:\Users\SSAFY\STM32CubeIDE\workspace_1.14.0\choumpa\STM32F103RBTX_FLASH.ld" --specs=nosys.specs -Wl,-Map="choumpa.map" -Wl,--gc-sections -static --specs=nano.specs -mfloat-abi=soft -mthumb -Wl,--start-group -lc -lm -Wl,--end-group
Finished building target: choumpa.elf
 
arm-none-eabi-size  choumpa.elf 
arm-none-eabi-objdump -h -S choumpa.elf  > "choumpa.list"
   text	   data	    bss	    dec	    hex	filename
  12536	    116	   1980	  14632	   3928	choumpa.elf
Finished building: default.size.stdout
 
Finished building: choumpa.list
 

17:53:42 Build Finished. 0 errors, 1 warnings. (took 703ms)

